// Jest Snapshot v1, https://goo.gl/fbAQLP

exports[`QuarterlyRevenueChart Snapshot should match the snapshot 1`] = `
<DocumentFragment>
  <div
    class="recharts-responsive-container"
    style="width: 100%; height: 300px; min-width: 0;"
  />
</DocumentFragment>
`;
